             VMA              LMA     Size Align Out     In      Symbol
               0                0   100000     1 . = 0x100000
          100000           100000     3b80    16 .text
          100000           100000        d    16         build\kernel_entry.o:(.text)
          100000           100000        0     1                 _start
          100009           100009        0     1                 _start.end
          100010           100010      3fc    16         build\kernel.o:(.text)
          100010           100010      3fc     1                 kernel_main
          100410           100410       a3    16         build\port_io.o:(.text)
          100410           100410       23     1                 io_out8
          100440           100440       20     1                 io_in8
          100460           100460       26     1                 io_out16
          100490           100490       23     1                 io_in16
          1004c0           1004c0      149    16         build\idt.o:(.text)
          1004c0           1004c0      11c     1                 idt_set_gate
          1005e0           1005e0       29     1                 idt_init
          100610           100610     127d    16         build\isr_stubs.o:(.text)
          100610           100610        0     1                 isr0
          100619           100619        0     1                 isr1
          100622           100622        0     1                 isr2
          10062b           10062b        0     1                 isr3
          100634           100634        0     1                 isr4
          10063d           10063d        0     1                 isr5
          100646           100646        0     1                 isr6
          10064f           10064f        0     1                 isr7
          100658           100658        0     1                 isr8
          10065f           10065f        0     1                 isr9
          100668           100668        0     1                 isr10
          10066f           10066f        0     1                 isr11
          100676           100676        0     1                 isr12
          10067d           10067d        0     1                 isr13
          100684           100684        0     1                 isr14
          10068b           10068b        0     1                 isr15
          100694           100694        0     1                 isr16
          10069d           10069d        0     1                 isr17
          1006a4           1006a4        0     1                 isr18
          1006ad           1006ad        0     1                 isr19
          1006b6           1006b6        0     1                 isr20
          1006bf           1006bf        0     1                 isr21
          1006c6           1006c6        0     1                 isr22
          1006cf           1006cf        0     1                 isr23
          1006d8           1006d8        0     1                 isr24
          1006e1           1006e1        0     1                 isr25
          1006ea           1006ea        0     1                 isr26
          1006f3           1006f3        0     1                 isr27
          1006fc           1006fc        0     1                 isr28
          100705           100705        0     1                 isr29
          10070e           10070e        0     1                 isr30
          100715           100715        0     1                 isr31
          10071e           10071e        0     1                 isr32
          100727           100727        0     1                 isr33
          100730           100730        0     1                 isr34
          100739           100739        0     1                 isr35
          100742           100742        0     1                 isr36
          10074b           10074b        0     1                 isr37
          100754           100754        0     1                 isr38
          10075d           10075d        0     1                 isr39
          100766           100766        0     1                 isr40
          10076f           10076f        0     1                 isr41
          100778           100778        0     1                 isr42
          100781           100781        0     1                 isr43
          10078a           10078a        0     1                 isr44
          100793           100793        0     1                 isr45
          10079c           10079c        0     1                 isr46
          1007a5           1007a5        0     1                 isr47
          1007ae           1007ae        0     1                 isr48
          1007b7           1007b7        0     1                 isr49
          1007c0           1007c0        0     1                 isr50
          1007c9           1007c9        0     1                 isr51
          1007d2           1007d2        0     1                 isr52
          1007db           1007db        0     1                 isr53
          1007e4           1007e4        0     1                 isr54
          1007ed           1007ed        0     1                 isr55
          1007f6           1007f6        0     1                 isr56
          1007ff           1007ff        0     1                 isr57
          100808           100808        0     1                 isr58
          100811           100811        0     1                 isr59
          10081a           10081a        0     1                 isr60
          100823           100823        0     1                 isr61
          10082c           10082c        0     1                 isr62
          100835           100835        0     1                 isr63
          10083e           10083e        0     1                 isr64
          100847           100847        0     1                 isr65
          100850           100850        0     1                 isr66
          100859           100859        0     1                 isr67
          100862           100862        0     1                 isr68
          10086b           10086b        0     1                 isr69
          100874           100874        0     1                 isr70
          10087d           10087d        0     1                 isr71
          100886           100886        0     1                 isr72
          10088f           10088f        0     1                 isr73
          100898           100898        0     1                 isr74
          1008a1           1008a1        0     1                 isr75
          1008aa           1008aa        0     1                 isr76
          1008b3           1008b3        0     1                 isr77
          1008bc           1008bc        0     1                 isr78
          1008c5           1008c5        0     1                 isr79
          1008ce           1008ce        0     1                 isr80
          1008d7           1008d7        0     1                 isr81
          1008e0           1008e0        0     1                 isr82
          1008e9           1008e9        0     1                 isr83
          1008f2           1008f2        0     1                 isr84
          1008fb           1008fb        0     1                 isr85
          100904           100904        0     1                 isr86
          10090d           10090d        0     1                 isr87
          100916           100916        0     1                 isr88
          10091f           10091f        0     1                 isr89
          100928           100928        0     1                 isr90
          100931           100931        0     1                 isr91
          10093a           10093a        0     1                 isr92
          100943           100943        0     1                 isr93
          10094c           10094c        0     1                 isr94
          100955           100955        0     1                 isr95
          10095e           10095e        0     1                 isr96
          100967           100967        0     1                 isr97
          100970           100970        0     1                 isr98
          100979           100979        0     1                 isr99
          100982           100982        0     1                 isr100
          10098b           10098b        0     1                 isr101
          100994           100994        0     1                 isr102
          10099d           10099d        0     1                 isr103
          1009a6           1009a6        0     1                 isr104
          1009af           1009af        0     1                 isr105
          1009b8           1009b8        0     1                 isr106
          1009c1           1009c1        0     1                 isr107
          1009ca           1009ca        0     1                 isr108
          1009d3           1009d3        0     1                 isr109
          1009dc           1009dc        0     1                 isr110
          1009e5           1009e5        0     1                 isr111
          1009ee           1009ee        0     1                 isr112
          1009f7           1009f7        0     1                 isr113
          100a00           100a00        0     1                 isr114
          100a09           100a09        0     1                 isr115
          100a12           100a12        0     1                 isr116
          100a1b           100a1b        0     1                 isr117
          100a24           100a24        0     1                 isr118
          100a2d           100a2d        0     1                 isr119
          100a36           100a36        0     1                 isr120
          100a3f           100a3f        0     1                 isr121
          100a48           100a48        0     1                 isr122
          100a51           100a51        0     1                 isr123
          100a5a           100a5a        0     1                 isr124
          100a63           100a63        0     1                 isr125
          100a6c           100a6c        0     1                 isr126
          100a75           100a75        0     1                 isr127
          100a7e           100a7e        0     1                 isr128
          100a8a           100a8a        0     1                 isr129
          100a96           100a96        0     1                 isr130
          100aa2           100aa2        0     1                 isr131
          100aae           100aae        0     1                 isr132
          100aba           100aba        0     1                 isr133
          100ac6           100ac6        0     1                 isr134
          100ad2           100ad2        0     1                 isr135
          100ade           100ade        0     1                 isr136
          100aea           100aea        0     1                 isr137
          100af6           100af6        0     1                 isr138
          100b02           100b02        0     1                 isr139
          100b0e           100b0e        0     1                 isr140
          100b1a           100b1a        0     1                 isr141
          100b26           100b26        0     1                 isr142
          100b32           100b32        0     1                 isr143
          100b3e           100b3e        0     1                 isr144
          100b4a           100b4a        0     1                 isr145
          100b56           100b56        0     1                 isr146
          100b62           100b62        0     1                 isr147
          100b6e           100b6e        0     1                 isr148
          100b7a           100b7a        0     1                 isr149
          100b86           100b86        0     1                 isr150
          100b92           100b92        0     1                 isr151
          100b9e           100b9e        0     1                 isr152
          100baa           100baa        0     1                 isr153
          100bb6           100bb6        0     1                 isr154
          100bc2           100bc2        0     1                 isr155
          100bce           100bce        0     1                 isr156
          100bda           100bda        0     1                 isr157
          100be6           100be6        0     1                 isr158
          100bf2           100bf2        0     1                 isr159
          100bfe           100bfe        0     1                 isr160
          100c0a           100c0a        0     1                 isr161
          100c16           100c16        0     1                 isr162
          100c22           100c22        0     1                 isr163
          100c2e           100c2e        0     1                 isr164
          100c3a           100c3a        0     1                 isr165
          100c46           100c46        0     1                 isr166
          100c52           100c52        0     1                 isr167
          100c5e           100c5e        0     1                 isr168
          100c6a           100c6a        0     1                 isr169
          100c76           100c76        0     1                 isr170
          100c82           100c82        0     1                 isr171
          100c8e           100c8e        0     1                 isr172
          100c9a           100c9a        0     1                 isr173
          100ca6           100ca6        0     1                 isr174
          100cb2           100cb2        0     1                 isr175
          100cbe           100cbe        0     1                 isr176
          100cca           100cca        0     1                 isr177
          100cd6           100cd6        0     1                 isr178
          100ce2           100ce2        0     1                 isr179
          100cee           100cee        0     1                 isr180
          100cfa           100cfa        0     1                 isr181
          100d06           100d06        0     1                 isr182
          100d12           100d12        0     1                 isr183
          100d1e           100d1e        0     1                 isr184
          100d2a           100d2a        0     1                 isr185
          100d36           100d36        0     1                 isr186
          100d42           100d42        0     1                 isr187
          100d4e           100d4e        0     1                 isr188
          100d5a           100d5a        0     1                 isr189
          100d66           100d66        0     1                 isr190
          100d72           100d72        0     1                 isr191
          100d7e           100d7e        0     1                 isr192
          100d8a           100d8a        0     1                 isr193
          100d96           100d96        0     1                 isr194
          100da2           100da2        0     1                 isr195
          100dae           100dae        0     1                 isr196
          100dba           100dba        0     1                 isr197
          100dc6           100dc6        0     1                 isr198
          100dd2           100dd2        0     1                 isr199
          100dde           100dde        0     1                 isr200
          100dea           100dea        0     1                 isr201
          100df6           100df6        0     1                 isr202
          100e02           100e02        0     1                 isr203
          100e0e           100e0e        0     1                 isr204
          100e1a           100e1a        0     1                 isr205
          100e26           100e26        0     1                 isr206
          100e32           100e32        0     1                 isr207
          100e3e           100e3e        0     1                 isr208
          100e4a           100e4a        0     1                 isr209
          100e56           100e56        0     1                 isr210
          100e62           100e62        0     1                 isr211
          100e6e           100e6e        0     1                 isr212
          100e7a           100e7a        0     1                 isr213
          100e86           100e86        0     1                 isr214
          100e92           100e92        0     1                 isr215
          100e9e           100e9e        0     1                 isr216
          100eaa           100eaa        0     1                 isr217
          100eb6           100eb6        0     1                 isr218
          100ec2           100ec2        0     1                 isr219
          100ece           100ece        0     1                 isr220
          100eda           100eda        0     1                 isr221
          100ee6           100ee6        0     1                 isr222
          100ef2           100ef2        0     1                 isr223
          100efe           100efe        0     1                 isr224
          100f0a           100f0a        0     1                 isr225
          100f16           100f16        0     1                 isr226
          100f22           100f22        0     1                 isr227
          100f2e           100f2e        0     1                 isr228
          100f3a           100f3a        0     1                 isr229
          100f46           100f46        0     1                 isr230
          100f52           100f52        0     1                 isr231
          100f5e           100f5e        0     1                 isr232
          100f6a           100f6a        0     1                 isr233
          100f76           100f76        0     1                 isr234
          100f82           100f82        0     1                 isr235
          100f8e           100f8e        0     1                 isr236
          100f9a           100f9a        0     1                 isr237
          100fa6           100fa6        0     1                 isr238
          100fb2           100fb2        0     1                 isr239
          100fbe           100fbe        0     1                 isr240
          100fca           100fca        0     1                 isr241
          100fd3           100fd3        0     1                 isr242
          100fdc           100fdc        0     1                 isr243
          100fe5           100fe5        0     1                 isr244
          100fee           100fee        0     1                 isr245
          100ff7           100ff7        0     1                 isr246
          101000           101000        0     1                 isr247
          101009           101009        0     1                 isr248
          101012           101012        0     1                 isr249
          10101b           10101b        0     1                 isr250
          101024           101024        0     1                 isr251
          10102d           10102d        0     1                 isr252
          101036           101036        0     1                 isr253
          10103f           10103f        0     1                 isr254
          101048           101048        0     1                 isr255
          101051           101051        0     1                 isr_common_stub
          10108d           10108d        0     1                 isr_stub_table
          101890           101890       e3    16         build\isr.o:(.text)
          101890           101890       70     1                 isr_init
          101900           101900       28     1                 isr_register_handler
          101930           101930       43     1                 isr_common_handler
          101980           101980      4a3    16         build\exception.o:(.text)
          101980           101980       4f     1                 exception_init
          1019d0           1019d0       ff     1                 exception_dispatch
          101ad0           101ad0      1a7     1                 page_fault_handler
          101c80           101c80       c2     1                 itoa_dec
          101d50           101d50       d3     1                 itoa_hex
          101e30           101e30      152    16         build\irq.o:(.text)
          101e30           101e30       69     1                 irq_init
          101ea0           101ea0       64     1                 irq_dispatch
          101f10           101f10       36     1                 irq_register_handler
          101f50           101f50       32     1                 irq_unregister_handler
          101f90           101f90      226    16         build\pic.o:(.text)
          101f90           101f90       e6     1                 pic_init
          102080           102080       12     1                 io_wait
          1020a0           1020a0       38     1                 pic_send_eoi
          1020e0           1020e0       63     1                 pic_set_mask
          102150           102150       66     1                 pic_clear_mask
          1021c0           1021c0       ae    16         build\timer.o:(.text)
          1021c0           1021c0       67     1                 timer_init
          102230           102230       23     1                 timer_tick_handler
          102260           102260        e     1                 timer_get_ticks
          102270           102270       a3    16         build\pit.o:(.text)
          102270           102270       19     1                 pit_init
          102290           102290       83     1                 pit_set_frequency
          102320           102320      1db    16         build\keyboard.o:(.text)
          102320           102320       4f     1                 keyboard_init
          102370           102370      16c     1                 keyboard_irq_handler
          1024e0           1024e0       1b     1                 keyboard_register_callback
          102500           102500       40    16         build\ps2.o:(.text)
          102500           102500       29     1                 ps2_init
          102530           102530       10     1                 ps2_read_scancode
          102540           102540      19a    16         build\vga.o:(.text)
          102540           102540        6     1                 vga_init
          102550           102550       76     1                 vga_draw_character
          1025d0           1025d0       8e     1                 vga_set_hardware_cursor
          102660           102660       59     1                 vga_clear_memory
          1026c0           1026c0        a     1                 vga_get_screen_width
          1026d0           1026d0        a     1                 vga_get_screen_height
          1026e0           1026e0      1e3    16         build\console.o:(.text)
          1026e0           1026e0       41     1                 console_set_backend
          102730           102730       66     1                 console_draw_char
          1027a0           1027a0       4f     1                 console_update_cursor
          1027f0           1027f0       40     1                 console_clear_all
          102830           102830       43     1                 console_get_width
          102880           102880       43     1                 console_get_height
          1028d0           1028d0      3bd    16         build\display.o:(.text)
          1028d0           1028d0       22     1                 display_init
          102900           102900      124     1                 display_print
          102a30           102a30       29     1                 handle_newline
          102a60           102a60       1e     1                 display_set_color
          102a80           102a80       39     1                 display_clear
          102ac0           102ac0       cc     1                 display_print_hex
          102b90           102b90       a1     1                 display_print_dec
          102c40           102c40       4d     1                 scroll_if_needed
          102c90           102c90      80e    16         build\pmm.o:(.text)
          102c90           102c90      3d0     1                 pmm_init
          103060           103060       63     1                 pmm_unreserve_region
          1030d0           1030d0       6d     1                 pmm_reserve_region
          103140           103140       93     1                 pmm_alloc_page
          1031e0           1031e0      12a     1                 pmm_alloc_pages
          103310           103310       87     1                 pmm_free_page
          1033a0           1033a0       a0     1                 pmm_free_pages
          103440           103440        e     1                 pmm_get_total_memory
          103450           103450        e     1                 pmm_get_free_memory
          103460           103460        e     1                 pmm_get_used_memory
          103470           103470        e     1                 pmm_get_bitmap_address
          103480           103480        e     1                 pmm_get_bitmap_size
          103490           103490        e     1                 pmm_get_total_frames
          1034a0           1034a0       c1    16         build\bitmap.o:(.text)
          1034a0           1034a0       3c     1                 bitmap_set
          1034e0           1034e0       3f     1                 bitmap_clear
          103520           103520       41     1                 bitmap_test
          103570           103570      306    16         build\vmm.o:(.text)
          103570           103570       a7     1                 vmm_init
          103620           103620       86     1                 vmm_map_page
          1036b0           1036b0       63     1                 vmm_unmap_page
          103720           103720       55     1                 vmm_alloc_mapped_page
          103780           103780       44     1                 vmm_free_mapped_page
          1037d0           1037d0       72     1                 vmm_get_physical_address
          103850           103850        8     1                 vmm_create_address_space
          103860           103860       16     1                 vmm_switch_address_space
          103880           103880      300    16         build\paging.o:(.text)
          103880           103880      253     1                 vmm_get_pt_entry
          103ae0           103ae0       52     1                 vmm_memset
          103b40           103b40       16     1                 vmm_flush_tlb
          103b60           103b60       20     1                 vmm_get_active_pml4
          104000           104000      91a    16 .rodata
          104000           104000      897     1         <internal>:(.rodata.str1.1)
          1048a0           1048a0       11    16         <internal>:(.rodata.str1.16)
          1048c0           1048c0       5a    16         build\keyboard.o:(.rodata)
          1048c0           1048c0       5a     1                 scancode_to_ascii
          105000           105000      151    16 .data
          105000           105000       30     8         build\kernel.o:(.data)
          105000           105000       30     1                 vga_backend
          105030           105030      100    16         build\exception.o:(.data)
          105030           105030      100     1                 exception_messages
          105130           105130       10     8         build\pit.o:(.data)
          105130           105130       10     1                 pit_timer_driver
          105140           105140       10     8         build\ps2.o:(.data)
          105140           105140       10     1                 ps2_keyboard_driver
          105150           105150        1     1         build\display.o:(.data)
          105150           105150        1     1                 current_color
          106000           106000     2080    16 .bss
          106000           106000     100a    16         build\idt.o:(.bss)
          106000           106000     1000     1                 idt
          107000           107000        a     1                 idtr
          107010           107010      800    16         build\isr.o:(.bss)
          107010           107010      800     1                 interrupt_handlers
          107810           107810      800    16         build\irq.o:(.bss)
          107810           107810      800     1                 irq_handlers
          108010           108010       18     8         build\timer.o:(.bss)
          108010           108010        4     1                 current_frequency
          108018           108018        8     1                 active_driver
          108020           108020        8     1                 system_ticks
          108028           108028       13     8         build\keyboard.o:(.bss)
          108028           108028        8     1                 active_driver
          108030           108030        8     1                 key_callback
          108038           108038        1     1                 shift_pressed
          108039           108039        1     1                 ctrl_pressed
          10803a           10803a        1     1                 alt_pressed
          108040           108040        8     8         build\console.o:(.bss)
          108040           108040        8     1                 active_backend
          108048           108048        4     2         build\display.o:(.bss)
          108048           108048        2     1                 current_row
          10804a           10804a        2     1                 current_col
          108050           108050       30     8         build\pmm.o:(.bss)
          108050           108050        8     1                 pmm_total_memory
          108058           108058        8     1                 pmm_total_frames
          108060           108060        8     1                 pmm_bitmap_size
          108068           108068        8     1                 pmm_bitmap
          108070           108070        8     1                 pmm_used_memory
          108078           108078        8     1                 pmm_free_memory
          108080           108080        0     1 _kernel_end = .
               0                0       c9     1 .comment
               0                0       c9     1         <internal>:(.comment)
               0                0     24a8     8 .symtab
               0                0     24a8     8         <internal>:(.symtab)
               0                0       3d     1 .shstrtab
               0                0       3d     1         <internal>:(.shstrtab)
               0                0      e3b     1 .strtab
               0                0      e3b     1         <internal>:(.strtab)
