             VMA              LMA     Size Align Out     In      Symbol
               0                0   100000     1 . = 0x100000
          100000           100000     7ff2    16 .text
          100000           100000       2c    16         build\kernel_entry.o:(.text)
          100000           100000        0     1                 _start
          100028           100028        0     1                 _start.end
          100030           100030      585    16         build\kernel.o:(.text)
          100030           100030      3c1     1                 kernel_main
          100400           100400       c2     1                 test_intrusive_list
          1004d0           1004d0       59     1                 task_a_entry
          100530           100530       21     1                 task_user_entry
          100560           100560       55     1                 task_fault_entry
          1005c0           1005c0       a3    16         build\port_io.o:(.text)
          1005c0           1005c0       23     1                 io_out8
          1005f0           1005f0       20     1                 io_in8
          100610           100610       26     1                 io_out16
          100640           100640       23     1                 io_in16
          100670           100670      149    16         build\idt.o:(.text)
          100670           100670      11c     1                 idt_set_gate
          100790           100790       29     1                 idt_init
          1007c0           1007c0     1285    16         build\isr_stubs.o:(.text)
          1007c0           1007c0        0     1                 isr0
          1007c9           1007c9        0     1                 isr1
          1007d2           1007d2        0     1                 isr2
          1007db           1007db        0     1                 isr3
          1007e4           1007e4        0     1                 isr4
          1007ed           1007ed        0     1                 isr5
          1007f6           1007f6        0     1                 isr6
          1007ff           1007ff        0     1                 isr7
          100808           100808        0     1                 isr8
          10080f           10080f        0     1                 isr9
          100818           100818        0     1                 isr10
          10081f           10081f        0     1                 isr11
          100826           100826        0     1                 isr12
          10082d           10082d        0     1                 isr13
          100834           100834        0     1                 isr14
          10083b           10083b        0     1                 isr15
          100844           100844        0     1                 isr16
          10084d           10084d        0     1                 isr17
          100854           100854        0     1                 isr18
          10085d           10085d        0     1                 isr19
          100866           100866        0     1                 isr20
          10086f           10086f        0     1                 isr21
          100876           100876        0     1                 isr22
          10087f           10087f        0     1                 isr23
          100888           100888        0     1                 isr24
          100891           100891        0     1                 isr25
          10089a           10089a        0     1                 isr26
          1008a3           1008a3        0     1                 isr27
          1008ac           1008ac        0     1                 isr28
          1008b5           1008b5        0     1                 isr29
          1008be           1008be        0     1                 isr30
          1008c5           1008c5        0     1                 isr31
          1008ce           1008ce        0     1                 isr32
          1008d7           1008d7        0     1                 isr33
          1008e0           1008e0        0     1                 isr34
          1008e9           1008e9        0     1                 isr35
          1008f2           1008f2        0     1                 isr36
          1008fb           1008fb        0     1                 isr37
          100904           100904        0     1                 isr38
          10090d           10090d        0     1                 isr39
          100916           100916        0     1                 isr40
          10091f           10091f        0     1                 isr41
          100928           100928        0     1                 isr42
          100931           100931        0     1                 isr43
          10093a           10093a        0     1                 isr44
          100943           100943        0     1                 isr45
          10094c           10094c        0     1                 isr46
          100955           100955        0     1                 isr47
          10095e           10095e        0     1                 isr48
          100967           100967        0     1                 isr49
          100970           100970        0     1                 isr50
          100979           100979        0     1                 isr51
          100982           100982        0     1                 isr52
          10098b           10098b        0     1                 isr53
          100994           100994        0     1                 isr54
          10099d           10099d        0     1                 isr55
          1009a6           1009a6        0     1                 isr56
          1009af           1009af        0     1                 isr57
          1009b8           1009b8        0     1                 isr58
          1009c1           1009c1        0     1                 isr59
          1009ca           1009ca        0     1                 isr60
          1009d3           1009d3        0     1                 isr61
          1009dc           1009dc        0     1                 isr62
          1009e5           1009e5        0     1                 isr63
          1009ee           1009ee        0     1                 isr64
          1009f7           1009f7        0     1                 isr65
          100a00           100a00        0     1                 isr66
          100a09           100a09        0     1                 isr67
          100a12           100a12        0     1                 isr68
          100a1b           100a1b        0     1                 isr69
          100a24           100a24        0     1                 isr70
          100a2d           100a2d        0     1                 isr71
          100a36           100a36        0     1                 isr72
          100a3f           100a3f        0     1                 isr73
          100a48           100a48        0     1                 isr74
          100a51           100a51        0     1                 isr75
          100a5a           100a5a        0     1                 isr76
          100a63           100a63        0     1                 isr77
          100a6c           100a6c        0     1                 isr78
          100a75           100a75        0     1                 isr79
          100a7e           100a7e        0     1                 isr80
          100a87           100a87        0     1                 isr81
          100a90           100a90        0     1                 isr82
          100a99           100a99        0     1                 isr83
          100aa2           100aa2        0     1                 isr84
          100aab           100aab        0     1                 isr85
          100ab4           100ab4        0     1                 isr86
          100abd           100abd        0     1                 isr87
          100ac6           100ac6        0     1                 isr88
          100acf           100acf        0     1                 isr89
          100ad8           100ad8        0     1                 isr90
          100ae1           100ae1        0     1                 isr91
          100aea           100aea        0     1                 isr92
          100af3           100af3        0     1                 isr93
          100afc           100afc        0     1                 isr94
          100b05           100b05        0     1                 isr95
          100b0e           100b0e        0     1                 isr96
          100b17           100b17        0     1                 isr97
          100b20           100b20        0     1                 isr98
          100b29           100b29        0     1                 isr99
          100b32           100b32        0     1                 isr100
          100b3b           100b3b        0     1                 isr101
          100b44           100b44        0     1                 isr102
          100b4d           100b4d        0     1                 isr103
          100b56           100b56        0     1                 isr104
          100b5f           100b5f        0     1                 isr105
          100b68           100b68        0     1                 isr106
          100b71           100b71        0     1                 isr107
          100b7a           100b7a        0     1                 isr108
          100b83           100b83        0     1                 isr109
          100b8c           100b8c        0     1                 isr110
          100b95           100b95        0     1                 isr111
          100b9e           100b9e        0     1                 isr112
          100ba7           100ba7        0     1                 isr113
          100bb0           100bb0        0     1                 isr114
          100bb9           100bb9        0     1                 isr115
          100bc2           100bc2        0     1                 isr116
          100bcb           100bcb        0     1                 isr117
          100bd4           100bd4        0     1                 isr118
          100bdd           100bdd        0     1                 isr119
          100be6           100be6        0     1                 isr120
          100bef           100bef        0     1                 isr121
          100bf8           100bf8        0     1                 isr122
          100c01           100c01        0     1                 isr123
          100c0a           100c0a        0     1                 isr124
          100c13           100c13        0     1                 isr125
          100c1c           100c1c        0     1                 isr126
          100c25           100c25        0     1                 isr127
          100c2e           100c2e        0     1                 isr128
          100c3a           100c3a        0     1                 isr129
          100c46           100c46        0     1                 isr130
          100c52           100c52        0     1                 isr131
          100c5e           100c5e        0     1                 isr132
          100c6a           100c6a        0     1                 isr133
          100c76           100c76        0     1                 isr134
          100c82           100c82        0     1                 isr135
          100c8e           100c8e        0     1                 isr136
          100c9a           100c9a        0     1                 isr137
          100ca6           100ca6        0     1                 isr138
          100cb2           100cb2        0     1                 isr139
          100cbe           100cbe        0     1                 isr140
          100cca           100cca        0     1                 isr141
          100cd6           100cd6        0     1                 isr142
          100ce2           100ce2        0     1                 isr143
          100cee           100cee        0     1                 isr144
          100cfa           100cfa        0     1                 isr145
          100d06           100d06        0     1                 isr146
          100d12           100d12        0     1                 isr147
          100d1e           100d1e        0     1                 isr148
          100d2a           100d2a        0     1                 isr149
          100d36           100d36        0     1                 isr150
          100d42           100d42        0     1                 isr151
          100d4e           100d4e        0     1                 isr152
          100d5a           100d5a        0     1                 isr153
          100d66           100d66        0     1                 isr154
          100d72           100d72        0     1                 isr155
          100d7e           100d7e        0     1                 isr156
          100d8a           100d8a        0     1                 isr157
          100d96           100d96        0     1                 isr158
          100da2           100da2        0     1                 isr159
          100dae           100dae        0     1                 isr160
          100dba           100dba        0     1                 isr161
          100dc6           100dc6        0     1                 isr162
          100dd2           100dd2        0     1                 isr163
          100dde           100dde        0     1                 isr164
          100dea           100dea        0     1                 isr165
          100df6           100df6        0     1                 isr166
          100e02           100e02        0     1                 isr167
          100e0e           100e0e        0     1                 isr168
          100e1a           100e1a        0     1                 isr169
          100e26           100e26        0     1                 isr170
          100e32           100e32        0     1                 isr171
          100e3e           100e3e        0     1                 isr172
          100e4a           100e4a        0     1                 isr173
          100e56           100e56        0     1                 isr174
          100e62           100e62        0     1                 isr175
          100e6e           100e6e        0     1                 isr176
          100e7a           100e7a        0     1                 isr177
          100e86           100e86        0     1                 isr178
          100e92           100e92        0     1                 isr179
          100e9e           100e9e        0     1                 isr180
          100eaa           100eaa        0     1                 isr181
          100eb6           100eb6        0     1                 isr182
          100ec2           100ec2        0     1                 isr183
          100ece           100ece        0     1                 isr184
          100eda           100eda        0     1                 isr185
          100ee6           100ee6        0     1                 isr186
          100ef2           100ef2        0     1                 isr187
          100efe           100efe        0     1                 isr188
          100f0a           100f0a        0     1                 isr189
          100f16           100f16        0     1                 isr190
          100f22           100f22        0     1                 isr191
          100f2e           100f2e        0     1                 isr192
          100f3a           100f3a        0     1                 isr193
          100f46           100f46        0     1                 isr194
          100f52           100f52        0     1                 isr195
          100f5e           100f5e        0     1                 isr196
          100f6a           100f6a        0     1                 isr197
          100f76           100f76        0     1                 isr198
          100f82           100f82        0     1                 isr199
          100f8e           100f8e        0     1                 isr200
          100f9a           100f9a        0     1                 isr201
          100fa6           100fa6        0     1                 isr202
          100fb2           100fb2        0     1                 isr203
          100fbe           100fbe        0     1                 isr204
          100fca           100fca        0     1                 isr205
          100fd6           100fd6        0     1                 isr206
          100fe2           100fe2        0     1                 isr207
          100fee           100fee        0     1                 isr208
          100ffa           100ffa        0     1                 isr209
          101006           101006        0     1                 isr210
          101012           101012        0     1                 isr211
          10101e           10101e        0     1                 isr212
          10102a           10102a        0     1                 isr213
          101036           101036        0     1                 isr214
          101042           101042        0     1                 isr215
          10104e           10104e        0     1                 isr216
          10105a           10105a        0     1                 isr217
          101066           101066        0     1                 isr218
          101072           101072        0     1                 isr219
          10107e           10107e        0     1                 isr220
          10108a           10108a        0     1                 isr221
          101096           101096        0     1                 isr222
          1010a2           1010a2        0     1                 isr223
          1010ae           1010ae        0     1                 isr224
          1010ba           1010ba        0     1                 isr225
          1010c6           1010c6        0     1                 isr226
          1010d2           1010d2        0     1                 isr227
          1010de           1010de        0     1                 isr228
          1010ea           1010ea        0     1                 isr229
          1010f6           1010f6        0     1                 isr230
          101102           101102        0     1                 isr231
          10110e           10110e        0     1                 isr232
          10111a           10111a        0     1                 isr233
          101126           101126        0     1                 isr234
          101132           101132        0     1                 isr235
          10113e           10113e        0     1                 isr236
          10114a           10114a        0     1                 isr237
          101156           101156        0     1                 isr238
          101162           101162        0     1                 isr239
          10116e           10116e        0     1                 isr240
          10117a           10117a        0     1                 isr241
          101183           101183        0     1                 isr242
          10118c           10118c        0     1                 isr243
          101195           101195        0     1                 isr244
          10119e           10119e        0     1                 isr245
          1011a7           1011a7        0     1                 isr246
          1011b0           1011b0        0     1                 isr247
          1011b9           1011b9        0     1                 isr248
          1011c2           1011c2        0     1                 isr249
          1011cb           1011cb        0     1                 isr250
          1011d4           1011d4        0     1                 isr251
          1011dd           1011dd        0     1                 isr252
          1011e6           1011e6        0     1                 isr253
          1011ef           1011ef        0     1                 isr254
          1011f8           1011f8        0     1                 isr255
          101201           101201        0     1                 isr_common_stub
          101228           101228        0     1                 isr_common_stub.no_switch
          101245           101245        0     1                 isr_stub_table
          101a50           101a50      105    16         build\isr.o:(.text)
          101a50           101a50       80     1                 isr_init
          101ad0           101ad0       28     1                 isr_register_handler
          101b00           101b00       55     1                 isr_common_handler
          101b60           101b60      5a3    16         build\exception.o:(.text)
          101b60           101b60       63     1                 exception_init
          101bd0           101bd0       ff     1                 exception_dispatch
          101cd0           101cd0       dc     1                 gpf_handler
          101db0           101db0      1a7     1                 page_fault_handler
          101f60           101f60       c2     1                 itoa_dec
          102030           102030       d3     1                 itoa_hex
          102110           102110      162    16         build\irq.o:(.text)
          102110           102110       69     1                 irq_init
          102180           102180       74     1                 irq_dispatch
          102200           102200       36     1                 irq_register_handler
          102240           102240       32     1                 irq_unregister_handler
          102280           102280      226    16         build\pic.o:(.text)
          102280           102280       e6     1                 pic_init
          102370           102370       12     1                 io_wait
          102390           102390       38     1                 pic_send_eoi
          1023d0           1023d0       63     1                 pic_set_mask
          102440           102440       66     1                 pic_clear_mask
          1024b0           1024b0       fe    16         build\timer.o:(.text)
          1024b0           1024b0       67     1                 timer_init
          102520           102520       73     1                 timer_tick_handler
          1025a0           1025a0        e     1                 timer_get_ticks
          1025b0           1025b0       a3    16         build\pit.o:(.text)
          1025b0           1025b0       19     1                 pit_init
          1025d0           1025d0       83     1                 pit_set_frequency
          102660           102660      1db    16         build\keyboard.o:(.text)
          102660           102660       4f     1                 keyboard_init
          1026b0           1026b0      16e     1                 keyboard_irq_handler
          102820           102820       1b     1                 keyboard_register_callback
          102840           102840       40    16         build\ps2.o:(.text)
          102840           102840       29     1                 ps2_init
          102870           102870       10     1                 ps2_read_scancode
          102880           102880      19a    16         build\vga.o:(.text)
          102880           102880        6     1                 vga_init
          102890           102890       76     1                 vga_draw_character
          102910           102910       8e     1                 vga_set_hardware_cursor
          1029a0           1029a0       59     1                 vga_clear_memory
          102a00           102a00        a     1                 vga_get_screen_width
          102a10           102a10        a     1                 vga_get_screen_height
          102a20           102a20      1e3    16         build\console.o:(.text)
          102a20           102a20       41     1                 console_set_backend
          102a70           102a70       66     1                 console_draw_char
          102ae0           102ae0       4f     1                 console_update_cursor
          102b30           102b30       40     1                 console_clear_all
          102b70           102b70       43     1                 console_get_width
          102bc0           102bc0       43     1                 console_get_height
          102c10           102c10      3bd    16         build\display.o:(.text)
          102c10           102c10       22     1                 display_init
          102c40           102c40      124     1                 display_print
          102d70           102d70       29     1                 handle_newline
          102da0           102da0       1e     1                 display_set_color
          102dc0           102dc0       39     1                 display_clear
          102e00           102e00       cc     1                 display_print_hex
          102ed0           102ed0       a1     1                 display_print_dec
          102f80           102f80       4d     1                 scroll_if_needed
          102fd0           102fd0      6a5    16         build\pmm.o:(.text)
          102fd0           102fd0      247     1                 pmm_init
          103220           103220       63     1                 pmm_unreserve_region
          103290           103290       6d     1                 pmm_reserve_region
          103300           103300       94     1                 pmm_alloc_page
          1033a0           1033a0      12b     1                 pmm_alloc_pages
          1034d0           1034d0       88     1                 pmm_free_page
          103560           103560       a0     1                 pmm_free_pages
          103600           103600        e     1                 pmm_get_total_memory
          103610           103610        e     1                 pmm_get_free_memory
          103620           103620        e     1                 pmm_get_used_memory
          103630           103630        e     1                 pmm_get_bitmap_address
          103640           103640        e     1                 pmm_get_bitmap_size
          103650           103650        e     1                 pmm_get_total_frames
          103660           103660       15     1                 pmm_self_test
          103680           103680       c1    16         build\bitmap.o:(.text)
          103680           103680       3c     1                 bitmap_set
          1036c0           1036c0       3f     1                 bitmap_clear
          103700           103700       41     1                 bitmap_test
          103750           103750      4f5    16         build\vmm.o:(.text)
          103750           103750      277     1                 vmm_init
          1039d0           1039d0       72     1                 vmm_get_physical_address
          103a50           103a50       86     1                 vmm_map_page
          103ae0           103ae0       63     1                 vmm_unmap_page
          103b50           103b50       55     1                 vmm_alloc_mapped_page
          103bb0           103bb0       44     1                 vmm_free_mapped_page
          103c00           103c00        8     1                 vmm_create_address_space
          103c10           103c10       16     1                 vmm_switch_address_space
          103c30           103c30       15     1                 vmm_self_test
          103c50           103c50      300    16         build\paging.o:(.text)
          103c50           103c50      253     1                 vmm_get_pt_entry
          103eb0           103eb0       52     1                 vmm_memset
          103f10           103f10       16     1                 vmm_flush_tlb
          103f30           103f30       20     1                 vmm_get_active_pml4
          103f50           103f50      1af    16         build\heap.o:(.text)
          103f50           103f50      109     1                 heap_init
          104060           104060       87     1                 kmalloc
          1040f0           1040f0        f     1                 kfree
          104100           104100      360    16         build\list.o:(.text)
          104100           104100       45     1                 list_init
          104150           104150       2f     1                 list_node_init
          104180           104180       b7     1                 list_insert_tail
          104240           104240       ae     1                 list_remove_head
          1042f0           1042f0       c0     1                 list_remove
          1043b0           1043b0       70     1                 list_contains
          104420           104420       40     1                 list_is_empty
          104460           104460      2ab    16         build\runqueue.o:(.text)
          104460           104460       32     1                 runqueue_init
          1044a0           1044a0       47     1                 runqueue_push
          1044f0           1044f0       61     1                 runqueue_pop
          104560           104560       68     1                 runqueue_peek
          1045d0           1045d0       47     1                 runqueue_remove
          104620           104620       55     1                 runqueue_contains
          104680           104680       42     1                 runqueue_is_empty
          1046d0           1046d0       3b     1                 runqueue_get_size
          104710           104710      15f    16         build\task.o:(.text)
          104710           104710       1d     1                 task_generate_id
          104730           104730      110     1                 task_transition
          104840           104840       2f     1                 task_get_state
          104870           104870      259    16         build\context.o:(.text)
          104870           104870        6     1                 context_init
          104880           104880      10e     1                 context_prepare_kernel_task
          104990           104990       33     1                 context_get_initial_rsp
          1049d0           1049d0       33     1                 context_get_initial_rip
          104a10           104a10       4c     1                 context_save_state
          104a60           104a60       69     1                 context_restore_state
          104ad0           104ad0       21    16         build\context_switch.o:(.text)
          104ad0           104ad0        0     1                 context_switch_first
          104b00           104b00       e5    16         build\syscall.o:(.text)
          104b00           104b00       1a     1                 syscall_init
          104b20           104b20       c5     1                 syscall_dispatcher
          104bf0           104bf0       20    16         build\syscall_wrappers.o:(.text)
          104bf0           104bf0        0     1                 sys_yield
          104bf8           104bf8        0     1                 sys_sleep
          104c00           104c00        0     1                 sys_uptime
          104c08           104c08        0     1                 sys_getpid
          104c10           104c10      2cb    16         build\gdt.o:(.text)
          104c10           104c10      10b     1                 gdt_init
          104d20           104d20       c1     1                 set_gdt_entry
          104df0           104df0       cc     1                 set_tss_entry
          104ec0           104ec0       1b     1                 tss_set_kernel_stack
          104ee0           104ee0       1f    16         build\gdt_flush.o:(.text)
          104ee0           104ee0        0     1                 gdt_flush
          104ef7           104ef7        0     1                 tss_flush
          104f00           104f00       22    16         build\enter_usermode.o:(.text)
          104f00           104f00        0     1                 enter_usermode
          104f30           104f30      85e    16         build\scheduler.o:(.text)
          104f30           104f30      125     1                 scheduler_init
          105060           105060        9     1                 idle_task
          105070           105070       2e     1                 scheduler_add_task
          1050a0           1050a0       c0     1                 scheduler_create_kernel_task
          105160           105160      2fc     1                 scheduler_create_user_task
          105460           105460        e     1                 scheduler_current_task
          105470           105470       87     1                 scheduler_sleep
          105500           105500       36     1                 scheduler_yield
          105540           105540      200     1                 scheduler_on_tick
          105740           105740       1e     1                 scheduler_start
          105760           105760       15     1                 scheduler_get_task_count
          105780           105780        e     1                 scheduler_get_idle_task
          105790           105790      373    16         build\block_device.o:(.text)
          105790           105790       50     1                 block_device_init
          1057e0           1057e0       c2     1                 block_device_register
          1058b0           1058b0       41     1                 block_device_get
          105900           105900        d     1                 block_device_count
          105910           105910       ab     1                 block_device_read
          1059c0           1059c0       e5     1                 block_device_write
          105ab0           105ab0       53     1                 block_device_flush
          105b10           105b10      72a    16         build\ata.o:(.text)
          105b10           105b10      253     1                 ata_init
          105d70           105d70      1d0     1                 ata_read_sectors_internal
          105f40           105f40      1e9     1                 ata_write_sectors_internal
          106130           106130       45     1                 ata_flush_internal
          106180           106180       31     1                 ata_self_test
          1061c0           1061c0       33     1                 ata_wait_bsy
          106200           106200       3a     1                 ata_wait_drq
          106240           106240      316    16         build\mbr.o:(.text)
          106240           106240      316     1                 mbr_parse
          106560           106560      471    16         build\disk_manager.o:(.text)
          106560           106560      27e     1                 disk_manager_register_partition
          1067e0           1067e0       4a     1                 strcpy_custom
          106830           106830       82     1                 logical_partition_read
          1068c0           1068c0       82     1                 logical_partition_write
          106950           106950       2b     1                 logical_partition_flush
          106980           106980       51     1                 disk_manager_init
          1069e0           1069e0      5bb    16         build\vfs.o:(.text)
          1069e0           1069e0       6c     1                 vfs_init
          106a50           106a50       7a     1                 vfs_register_fs
          106ad0           106ad0      20e     1                 vfs_mount_fs
          106ce0           106ce0       6a     1                 vfs_find_fs_driver
          106d50           106d50       94     1                 vfs_get_mount
          106df0           106df0       8d     1                 vfs_open
          106e80           106e80       6a     1                 vfs_read
          106ef0           106ef0       6c     1                 vfs_close
          106f60           106f60       3b     1                 vfs_self_test
          106fa0           106fa0      1b0    16         build\string.o:(.text)
          106fa0           106fa0       70     1                 strcmp
          107010           107010       a2     1                 strncmp
          1070c0           1070c0       4a     1                 strcpy
          107110           107110       40     1                 strlen
          107150           107150      ea2    16         build\fat32.o:(.text)
          107150           107150      512     1                 fat32_mount
          107670           107670       a4     1                 fat32_open
          107720           107720       a5     1                 fat32_read
          1077d0           1077d0       27     1                 fat32_close
          107800           107800       15     1                 fat32_init
          107820           107820       cb     1                 fat32_next_cluster
          1078f0           1078f0       ed     1                 fat32_walk_cluster_chain
          1079e0           1079e0       75     1                 fat32_find_file
          107a60           107a60      1b1     1                 format_fat_name
          107c20           107c20      1df     1                 fat32_search_dir_callback
          107e00           107e00       56     1                 fat32_read_file
          107e60           107e60      145     1                 fat32_read_file_callback
          107fb0           107fb0        6     1                 fat32_self_test
          107fc0           107fc0       32     1                 fat32_cluster_to_lba
          108000           108000     1470    16 .rodata
          108000           108000     13c4     1         <internal>:(.rodata.str1.1)
          1093d0           1093d0       11    16         <internal>:(.rodata.str1.16)
          1093f0           1093f0       5a    16         build\keyboard.o:(.rodata)
          1093f0           1093f0       5a     1                 scancode_to_ascii
          109450           109450       20     8         build\syscall.o:(.rodata)
          10a000           10a000      198    16 .data
          10a000           10a000       30     8         build\kernel.o:(.data)
          10a000           10a000       30     1                 vga_backend
          10a030           10a030      100    16         build\exception.o:(.data)
          10a030           10a030      100     1                 exception_messages
          10a130           10a130       10     8         build\pit.o:(.data)
          10a130           10a130       10     1                 pit_timer_driver
          10a140           10a140       10     8         build\ps2.o:(.data)
          10a140           10a140       10     1                 ps2_keyboard_driver
          10a150           10a150        1     1         build\display.o:(.data)
          10a150           10a150        1     1                 current_color
          10a158           10a158        8     8         build\task.o:(.data)
          10a158           10a158        8     1                 next_task_id
          10a160           10a160       38     8         build\fat32.o:(.data)
          10a160           10a160       38     1                 fat32_fs_driver
          10b000           10b000     3210    16 .bss
          10b000           10b000        0     1         _bss_start = .
          10b000           10b000     100a    16         build\idt.o:(.bss)
          10b000           10b000     1000     1                 idt
          10c000           10c000        a     1                 idtr
          10c010           10c010      800    16         build\isr.o:(.bss)
          10c010           10c010      800     1                 interrupt_handlers
          10c810           10c810      800    16         build\irq.o:(.bss)
          10c810           10c810      800     1                 irq_handlers
          10d010           10d010       18     8         build\timer.o:(.bss)
          10d010           10d010        4     1                 current_frequency
          10d018           10d018        8     1                 active_driver
          10d020           10d020        8     1                 system_ticks
          10d028           10d028       13     8         build\keyboard.o:(.bss)
          10d028           10d028        8     1                 active_driver
          10d030           10d030        8     1                 key_callback
          10d038           10d038        1     1                 shift_pressed
          10d039           10d039        1     1                 ctrl_pressed
          10d03a           10d03a        1     1                 alt_pressed
          10d040           10d040        8     8         build\console.o:(.bss)
          10d040           10d040        8     1                 active_backend
          10d048           10d048        4     2         build\display.o:(.bss)
          10d048           10d048        2     1                 current_row
          10d04a           10d04a        2     1                 current_col
          10d050           10d050       30     8         build\pmm.o:(.bss)
          10d050           10d050        8     1                 pmm_total_memory
          10d058           10d058        8     1                 pmm_total_frames
          10d060           10d060        8     1                 pmm_bitmap_size
          10d068           10d068        8     1                 pmm_bitmap
          10d070           10d070        8     1                 pmm_used_memory
          10d078           10d078        8     1                 pmm_free_memory
          10d080           10d080       10     8         build\heap.o:(.bss)
          10d080           10d080        8     1                 heap_current
          10d088           10d088        8     1                 heap_end
          10d090           10d090        2     1         build\context.o:(.bss)
          10d090           10d090        1     1                 context_verified
          10d091           10d091        1     1                 context_restore_state.restore_verified
          10d0a0           10d0a0       b0    16         build\gdt.o:(.bss)
          10d0a0           10d0a0        a     1                 gdtr
          10d0b0           10d0b0       38     1                 gdt
          10d0e8           10d0e8       68     1                 tss
          10d150           10d150       68     8         build\scheduler.o:(.bss)
          10d150           10d150       28     1                 ready_queue
          10d178           10d178       28     1                 sleep_queue
          10d1a0           10d1a0        8     1                 idle_task_ptr
          10d1a8           10d1a8        8     1                 current_task
          10d1b0           10d1b0        8     1                 scheduler_tick_count
          10d1c0           10d1c0       84    16         build\block_device.o:(.bss)
          10d1c0           10d1c0       80     1                 block_device_registry
          10d240           10d240        4     1                 registered_device_count
          10d248           10d248       50     8         build\ata.o:(.bss)
          10d248           10d248        6     1                 primary_master
          10d250           10d250       48     1                 ata_block_device
          10d2a0           10d2a0      f10    16         build\disk_manager.o:(.bss)
          10d2a0           10d2a0        4     1                 logical_drive_count
          10d2b0           10d2b0      400     1                 logical_drives
          10d6b0           10d6b0      200     1                 disk_manager_register_partition.names
          10d8b0           10d8b0      900     1                 logical_block_devices
          10e1b0           10e1b0       58     8         build\vfs.o:(.bss)
          10e1b0           10e1b0       20     1                 filesystem_registry
          10e1d0           10e1d0       20     1                 mount_table
          10e1f0           10e1f0        8     1                 vfs_root
          10e1f8           10e1f8        4     1                 mount_count
          10e200           10e200        8     1                 mock_fd_node
          10e208           10e208        8     4         build\fat32.o:(.bss)
          10e208           10e208        4     1                 open_file_cluster
          10e20c           10e20c        4     1                 open_file_size
          10e210           10e210        0     1         _bss_end = .
          10e210           10e210        0     1 _kernel_end = .
               0                0       c9     1 .comment
               0                0       c9     1         <internal>:(.comment)
               0                0     3390     8 .symtab
               0                0     3390     8         <internal>:(.symtab)
               0                0       3d     1 .shstrtab
               0                0       3d     1         <internal>:(.shstrtab)
               0                0     181d     1 .strtab
               0                0     181d     1         <internal>:(.strtab)
